// Jest Snapshot v1, https://goo.gl/fbAQLP

exports[`icon render success 1`] = `
<svg
  className="r-icon"
>
  <use
    xlinkHref="#alipay"
  />
</svg>
`;
