// Jest Snapshot v1, https://goo.gl/fbAQLP

exports[`button render <Button/> component 1`] = `
<button
  class="mccree-btn mccree-btn-contain"
>
  Default
</button>
`;
